// Jest Snapshot v1, https://goo.gl/fbAQLP

exports[`Jokes should render correctly 1`] = `
<div
  className="sc-bdVaJa kZAgjJ"
>
  <div
    className="sc-ifAKCX jSSRiN"
  >
    <div
      className="sc-bxivhb hmisdv"
    >
      Login
    </div>
    <form>
      <div>
        <input
          className="sc-bZQynM emrcli"
          onChange={[Function]}
          placeholder="User"
          required={true}
          type="text"
        />
      </div>
      <div>
        <input
          className="sc-bZQynM emrcli"
          onChange={[Function]}
          placeholder="Password"
          required={true}
          type="password"
        />
      </div>
      <button
        className="sc-EHOje ewTICj"
        onClick={[Function]}
      >
        SUBMIT
      </button>
    </form>
  </div>
  <div
    className="sc-bwzfXH dhWCcq"
  >
    <button
      className="sc-htpNat hegkwq"
      onClick={[Function]}
    >
      Refresh
    </button>
    <button
      className="sc-htpNat eRLTRK"
      onClick={[Function]}
    >
      Add every 5sec
    </button>
  </div>
  <div
    className="sc-bwzfXH dhWCcq"
  />
</div>
`;
