// Jest Snapshot v1, https://goo.gl/fbAQLP

exports[`Jokes should render correctly 1`] = `
<div
  className="sc-bdVaJa kZAgjJ"
>
  <div
    className="sc-ifAKCX fBTipX"
  >
    <div
      className="sc-bxivhb zMMJx"
    >
      Login
    </div>
    <form>
      <div>
        <input
          onChange={[Function]}
          placeholder="User"
          type="text"
        />
      </div>
      <div>
        <input
          onChange={[Function]}
          placeholder="Password"
          type="password"
        />
      </div>
      <button
        onClick={[Function]}
      >
        SUBMIT
      </button>
    </form>
  </div>
  <div
    className="sc-bwzfXH dhWCcq"
  >
    <button
      className="sc-htpNat hegkwq"
      onClick={[Function]}
    >
      Refresh
    </button>
    <button
      className="sc-htpNat eRLTRK"
      onClick={[Function]}
    >
      Add every 5sec
    </button>
  </div>
  <div
    className="sc-bwzfXH dhWCcq"
  />
</div>
`;
